// Vitest Snapshot v1, https://vitest.dev/guide/snapshot.html

exports[`remark-ocak-sections > 1. hero — <section data-section="hero"> ile sarar, h1 içerir 1`] = `
"<section data-section="hero">
<h1><em>Ay döner, biz toplanırız.</em></h1>
<p>Her ay bir kez. On iki kadın. Bir ateş.</p>
<div class="hero__scroll" aria-hidden="true"><span class="hero__scroll-line"></span></div>
</section>"
`;

exports[`remark-ocak-sections > 2. bir-sonraki — section içinde blockquote, ocak-bir-sonraki class 1`] = `
"<section data-section="bir-sonraki" class="ocak-bir-sonraki"><blockquote>
<h3>Bir Sonraki Çember</h3>
<p>Önümüzdeki dolunay. Cumartesi akşamı, on iki kadınla bir ateşin etrafında.</p>
<p><a href="/cember#kayit">Yer ayırt →</a></p>
</blockquote></section>"
`;

exports[`remark-ocak-sections > 4. siradaki-kapi — tam 3 ocak-kapi-kart 1`] = `
"<section data-section="siradaki-kapi">
<article class="ocak-kapi-kart">
<h3>Hâlâ Merak Ediyorsan</h3>
<p>Felsefemizi okumak istersen — neden böyle yaptığımızı.</p>
<p><a href="/felsefe">OCAK'ın felsefesi →</a></p>
</article>
<article class="ocak-kapi-kart">
<h3>Adım Atmaya Hazırsan</h3>
<p>Açık Kapı'ya gel. Taahhütsüz. Sadece bir akşam.</p>
<p><a href="/acik-kapi">Açık Kapı →</a></p>
</article>
<article class="ocak-kapi-kart">
<h3>Daha Derin Bir Şey Arıyorsan</h3>
<p>Mini retreat — bir hafta sonu, küçük bir kohort.</p>
<p><a href="/mini-retreat">Mini Retreat →</a></p>
</article>
</section>"
`;

exports[`remark-ocak-sections > 5. sss — bullet sorular details/summary + sss-cevap, h2 korunur 1`] = `
"<section data-section="sss">
<h2>Sorulanlar</h2>
<details><summary>Daha önce hiç çembere katılmadım, olur mu?</summary><div class="sss-cevap">
<p>Olur. Çoğu kadın ilk kez geliyor. Çember tanıdık olmayanı tanıdık yapan bir form.</p>
<p>Sadece otur, kal, döndüğünde söz al ya da alma.</p>
</div></details>
<details><summary>Kayıt olduktan sonra gelmezsem ne olur?</summary><div class="sss-cevap">
<p>Yeri başkasına açmadan haber ver yeterli. Para iadesi politikası ayrı bir konu.</p>
</div></details>
</section>"
`;

exports[`remark-ocak-sections > 26. esik accordion — whitelist 10 isim details name="esikler", h2 strip → summary 1`] = `
"<details name="esikler" data-section="esik-uyku"><summary>0 · UYKU</summary>
<p>Hayatın işliyor. Dışarıdan bakanlar bir sorun göremez. İçinde bir kopukluk var.</p>
<p>İkinci paragraf — dipnot gibi.</p>
</details>
<details name="esikler" data-section="esik-merak"><summary>1 · MERAK</summary>
<p>OCAK'ı duydun. Bir arkadaş, bir Instagram, bir cümle takıldı.</p>
</details>
<section data-section="son-soz" class="ocak-son-soz">
<h2>Son Söz</h2>
<p>Bu harita bir test değil. Bir basamak şeması değil. Bir liste değil.</p>
<p>Sen neredesin?</p>
</section>"
`;

exports[`remark-ocak-sections > 34. evre — EVRE_SECTIONS whitelist Varyant C dolu kart, ısı token + arketip/soru çifti 1`] = `
"<section data-section="evreler-intro" class="ocak-evreler-intro">
<h2>Altı Evre</h2>
</section>
<article class="ocak-evre ocak-evre-acilis" id="evre-acilis" data-evre="acilis" style="--isi-aktif: var(--isi-acilis);">
<span class="ocak-evre__serit" aria-hidden="true"></span>
<div class="ocak-evre__icerik">
<h3 class="ocak-evre__baslik"><span class="ocak-evre__ad">AÇILIŞ</span><span class="ocak-evre__dash" aria-hidden="true"> — </span><span class="ocak-evre__lokasyon">Ege</span></h3>
<p class="ocak-evre__meta">Eylül 2026 · 3 gece 4 gün · Urla / Alaçatı</p>
<div class="ocak-evre__aciklama">
<p>Kohortun kuruluşu. Birbirimizi tanıyor, niyetlerimizi koyuyor, bir yıllık ortak çemberin temelini atıyoruz.</p>
</div>
<div class="ocak-evre__alt ocak-evre__alt--soru-only"><span class="ocak-evre__soru">Bu yıl boyunca neyi taşıyacağım?</span></div>
</div></article>
<article class="ocak-evre ocak-evre-inis" id="evre-inis" data-evre="inis" style="--isi-aktif: var(--isi-inis);">
<span class="ocak-evre__serit" aria-hidden="true"></span>
<div class="ocak-evre__icerik">
<h3 class="ocak-evre__baslik"><span class="ocak-evre__ad">İNİŞ</span><span class="ocak-evre__dash" aria-hidden="true"> — </span><span class="ocak-evre__lokasyon">Göbeklitepe · Harran</span></h3>
<p class="ocak-evre__meta">Kasım 2026 · 5 gece 6 gün · Şanlıurfa</p>
<div class="ocak-evre__aciklama">
<p>İlk eşik: aşağıya, köklere. On iki bin yıllık Göbeklitepe'de durup Harran'ın kadim bilgeliğinde toprağa diz çöküyoruz.</p>
</div>
<div class="ocak-evre__alt"><span class="ocak-evre__arketip">Kök Kadın</span><span class="ocak-evre__ayrac" aria-hidden="true">·</span><span class="ocak-evre__soru">Nereden geliyorum? Hangi soydan?</span></div>
</div></article>
<article class="ocak-evre ocak-evre-durus" id="evre-durus" data-evre="durus" style="--isi-aktif: var(--isi-durus);">
<span class="ocak-evre__serit" aria-hidden="true"></span>
<div class="ocak-evre__icerik">
<h3 class="ocak-evre__baslik"><span class="ocak-evre__ad">DURUŞ</span><span class="ocak-evre__dash" aria-hidden="true"> — </span><span class="ocak-evre__lokasyon">Tuz Gölü</span></h3>
<p class="ocak-evre__meta">Nisan 2027 · 5 gece 6 gün · Aksaray</p>
<div class="ocak-evre__aciklama">
<p>Türkiye'nin en geniş sessizliği.</p>
</div>
<div class="ocak-evre__alt"><span class="ocak-evre__arketip">Sessiz Kadın</span><span class="ocak-evre__ayrac" aria-hidden="true">·</span><span class="ocak-evre__soru">Boşluğa girebilir miyim?</span></div>
</div></article>
<section data-section="son-soz" class="ocak-son-soz">
<h2>Son Söz</h2>
<p>Yolculuk başlıyor.</p>
</section>"
`;

exports[`remark-ocak-sections > 40. raf accordion — whitelist details name="raflar", liste ailesi class seti 1`] = `
"<details name="raflar" data-section="raf-cekirdek" class="liste__oge"><summary class="liste__baslik-satir"><span class="liste__baslik" role="heading" aria-level="3">1 · Çekirdek Araçlar</span><span class="liste__isaret" aria-hidden="true"></span></summary>
<p>OCAK'ın temeline giden araçlar. Nefes, niyet, sessizlik.</p>
<p>Kısa gündelik uygulamalar.</p>
</details>
<details name="raflar" data-section="raf-beden" class="liste__oge"><summary class="liste__baslik-satir"><span class="liste__baslik" role="heading" aria-level="3">2 · Beden Araçları</span><span class="liste__isaret" aria-hidden="true"></span></summary>
<p>Bedeni dinleme, gerginlik açma, temas kurma araçları.</p>
</details>
<section data-section="raf-diger" class="ocak-raf-diger">
<h3>Whitelist Dışı Bir Raf</h3>
<p>Bu section RAF_SECTIONS whitelist'te yok — baseline prose'a düşer.</p>
</section>"
`;

exports[`remark-ocak-sections > 43. vitrin temalar — CARD_SECTIONS accordion, 5 details, name="temalar" 1`] = `
"<section data-section="temalar" class="ocak-temalar">
<details name="temalar" data-section="temalar-0" class="liste__oge"><summary class="liste__baslik-satir"><span class="liste__baslik" role="heading" aria-level="3">Ateş</span><span class="liste__isaret" aria-hidden="true"></span></summary>
<p>İçindeki közü tanı — cesaret, dönüşüm, yakma-yaratma.</p>
</details>
<details name="temalar" data-section="temalar-1" class="liste__oge"><summary class="liste__baslik-satir"><span class="liste__baslik" role="heading" aria-level="3">Sessizlik</span><span class="liste__isaret" aria-hidden="true"></span></summary>
<p>Boşluğu doldurmadan durmak. Nefesin arkasındaki sesi duymak.</p>
</details>
<details name="temalar" data-section="temalar-2" class="liste__oge"><summary class="liste__baslik-satir"><span class="liste__baslik" role="heading" aria-level="3">Beden</span><span class="liste__isaret" aria-hidden="true"></span></summary>
<p>Dokunuş, ritim, temas. Bedeni okuma dili.</p>
<p><a href="/atolye">Beden atölyesine bak →</a></p>
</details>
<details name="temalar" data-section="temalar-3" class="liste__oge"><summary class="liste__baslik-satir"><span class="liste__baslik" role="heading" aria-level="3">Kök</span><span class="liste__isaret" aria-hidden="true"></span></summary>
<p>Soy, toprak, aidiyet. Nereden geliyorsun — hangi soydan?</p>
</details>
<details name="temalar" data-section="temalar-4" class="liste__oge"><summary class="liste__baslik-satir"><span class="liste__baslik" role="heading" aria-level="3">Yaratıcı</span><span class="liste__isaret" aria-hidden="true"></span></summary>
<p>İfade, oyun, form verme. Kelimeyle, çizgiyle, sesle.</p>
</details>
</section>"
`;

exports[`remark-ocak-sections > 47. bes-kadim-kaynak — intro + pusula + 2 yön (MERKEZ vurgu) + kapanış 1`] = `
"<section data-section="bes-kadim-kaynak" class="ocak-bes-kadim-kaynak">
<h2>Dört Yön. Bir Ocak.</h2>
<p>OCAK'ın bilgeliği dünyanın dört yönünden geldi — ve bu toprakların ocağında tek ateş oldu.</p>
<div class="ocak-yon-pusula" aria-hidden="true"><span class="ocak-yon-pusula__glyph ocak-yon-pusula__glyph--merkez" aria-hidden="true">🜂</span><span class="ocak-yon-pusula__glyph" aria-hidden="true">🜁</span><span class="ocak-yon-pusula__glyph" aria-hidden="true">🜔</span><span class="ocak-yon-pusula__glyph" aria-hidden="true">🜄</span><span class="ocak-yon-pusula__glyph" aria-hidden="true">🜃</span></div>
<article class="ocak-yon-kart ocak-yon-kart--merkez" data-yon="merkez">
<span class="ocak-yon-kart__glyph" aria-hidden="true">🜂</span>
<div class="ocak-yon-kart__basliklar">
<span class="ocak-yon-kart__ad">MERKEZ</span>
<span class="ocak-yon-kart__cog">Anadolu</span>
</div>
<div class="ocak-yon-kart__govde">
<p>Ocağın kurulduğu yer. Çatalhöyük'ün ana figüründen Kibele'ye.</p>
</div>
<p class="ocak-yon-kart__yasar">
Burada yaşar: her çemberin mumu, mevsim seremonileri, Anadolu Yolculuğu'nun toprağı.
</p>
</article>
<article class="ocak-yon-kart" data-yon="dogu">
<span class="ocak-yon-kart__glyph" aria-hidden="true">🜁</span>
<div class="ocak-yon-kart__basliklar">
<span class="ocak-yon-kart__ad">DOĞU</span>
<span class="ocak-yon-kart__cog">Hindistan'dan Çin'e</span>
</div>
<div class="ocak-yon-kart__govde">
<p>Şafak yönü: nefes. Nefesin iki kadim adı — prana ve çi.</p>
</div>
<p class="ocak-yon-kart__yasar">
Burada yaşar: çemberin nefesi, beden pratiği, atölyeler.
</p>
</article>
<p>Dört yön, başka başka dillerde aynı cümleyi söylüyor.</p>
<p>Bu sentezi buraya bir kadın taşıdı. <a href="/advaita">Advaita — ateşi ilk yakan →</a></p>
</section>"
`;

exports[`remark-ocak-sections > 47. tasiyici accordion — whitelist details name="tasiyici", liste ailesi, meta yok 1`] = `
"<section data-section="ne-tasiyor" class="ocak-ne-tasiyor">
<h2>Ne Taşıyor</h2>
<p>Bu araçlar önce Advaita'nın bedeninden geçti — ama artık OCAK'ın ortak kutusunda.</p>
</section>
<details name="tasiyici" data-section="tasidigi-bati" class="liste__oge"><summary class="liste__baslik-satir"><span class="liste__baslik" role="heading" aria-level="3">🜄 BATI — Şamanik Yol, Ritüel ve Kakao</span><span class="liste__isaret" aria-hidden="true"></span></summary>
<p>Sachamama geleneğinin şamanik sağaltımı, Amazon'un bitki bilgeliği. Element çalışması.</p>
</details>
<details name="tasiyici" data-section="tasidigi-dogu" class="liste__oge"><summary class="liste__baslik-satir"><span class="liste__baslik" role="heading" aria-level="3">🜁 DOĞU — Nefes ve Beden</span><span class="liste__isaret" aria-hidden="true"></span></summary>
<p>Rishikesh'te aldığı yoga eğitmen eğitimi — Hint Vedik geleneğinin somatik özü.</p>
</details>
<section data-section="tasidigi-kuzey" class="ocak-tasidigi-kuzey">
<h3>Whitelist Dışı Bir Yön</h3>
<p>Bu section TASIYICI_SECTIONS whitelist'te yok — baseline prose'a düşer.</p>
</section>"
`;
